WARNING ALERT | 2026-08-10 09:17:45 | Database response time exceeded threshold | Occurrences: 1
CRITICAL ALERT | 2026-08-10 09:18:02 | Database connection failed | Occurrences: 3
CRITICAL ALERT | 2026-08-10 09:18:05 | Database connection failed | Occurrences: 3
CRITICAL ALERT | 2026-08-10 09:18:09 | Database connection failed | Occurrences: 3
WARNING ALERT | 2026-08-10 09:21:30 | High memory usage detected | Occurrences: 1
CRITICAL ALERT | 2026-08-10 09:22:01 | Payment service timeout | Occurrences: 2
CRITICAL ALERT | 2026-08-10 09:22:05 | Payment service timeout | Occurrences: 2
WARNING ALERT | 2026-08-10 09:17:45 | Database response time exceeded threshold | Occurrences: 1
CRITICAL ALERT | 2026-08-10 09:18:02 | Database connection failed | Occurrences: 3
CRITICAL ALERT | 2026-08-10 09:18:05 | Database connection failed | Occurrences: 3
CRITICAL ALERT | 2026-08-10 09:18:09 | Database connection failed | Occurrences: 3
WARNING ALERT | 2026-08-10 09:21:30 | High memory usage detected | Occurrences: 1
CRITICAL ALERT | 2026-08-10 09:22:01 | Payment service timeout | Occurrences: 2
CRITICAL ALERT | 2026-08-10 09:22:05 | Payment service timeout | Occurrences: 2
CRITICAL ALERT | 2026-08-11 16:30:00 | Payment service unavailable | Occurrences: 1
WARNING ALERT | 2026-08-10 09:17:45 | Database response time exceeded threshold | Occurrences: 1
CRITICAL ALERT | 2026-08-10 09:18:02 | Database connection failed | Occurrences: 3
CRITICAL ALERT | 2026-08-10 09:18:05 | Database connection failed | Occurrences: 3
CRITICAL ALERT | 2026-08-10 09:18:09 | Database connection failed | Occurrences: 3
WARNING ALERT | 2026-08-10 09:21:30 | High memory usage detected | Occurrences: 1
CRITICAL ALERT | 2026-08-10 09:22:01 | Payment service timeout | Occurrences: 2
CRITICAL ALERT | 2026-08-10 09:22:05 | Payment service timeout | Occurrences: 2
CRITICAL ALERT | 2026-08-11 16:30:00 | Payment service unavailable | Occurrences: 1
WARNING ALERT | 2026-08-10 09:17:45 | Database response time exceeded threshold | Occurrences: 1
CRITICAL ALERT | 2026-08-10 09:18:02 | Database connection failed | Occurrences: 3
CRITICAL ALERT | 2026-08-10 09:18:05 | Database connection failed | Occurrences: 3
CRITICAL ALERT | 2026-08-10 09:18:09 | Database connection failed | Occurrences: 3
WARNING ALERT | 2026-08-10 09:21:30 | High memory usage detected | Occurrences: 1
CRITICAL ALERT | 2026-08-10 09:22:01 | Payment service timeout | Occurrences: 2
CRITICAL ALERT | 2026-08-10 09:22:05 | Payment service timeout | Occurrences: 2
CRITICAL ALERT | 2026-08-11 16:30:00 | Payment service unavailable | Occurrences: 1
WARNING ALERT | 2026-08-10 09:17:45 | Database response time exceeded threshold | Occurrences: 1
CRITICAL ALERT | 2026-08-10 09:18:02 | Database connection failed | Occurrences: 3
CRITICAL ALERT | 2026-08-10 09:18:05 | Database connection failed | Occurrences: 3
CRITICAL ALERT | 2026-08-10 09:18:09 | Database connection failed | Occurrences: 3
WARNING ALERT | 2026-08-10 09:21:30 | High memory usage detected | Occurrences: 1
CRITICAL ALERT | 2026-08-10 09:22:01 | Payment service timeout | Occurrences: 2
CRITICAL ALERT | 2026-08-10 09:22:05 | Payment service timeout | Occurrences: 2
CRITICAL ALERT | 2026-08-11 16:30:00 | Payment service unavailable | Occurrences: 1
WARNING ALERT | 2026-08-10 09:17:45 | Database response time exceeded threshold | Occurrences: 1
CRITICAL ALERT | 2026-08-10 09:18:02 | Database connection failed | Occurrences: 3
CRITICAL ALERT | 2026-08-10 09:18:05 | Database connection failed | Occurrences: 3
CRITICAL ALERT | 2026-08-10 09:18:09 | Database connection failed | Occurrences: 3
WARNING ALERT | 2026-08-10 09:21:30 | High memory usage detected | Occurrences: 1
CRITICAL ALERT | 2026-08-10 09:22:01 | Payment service timeout | Occurrences: 2
CRITICAL ALERT | 2026-08-10 09:22:05 | Payment service timeout | Occurrences: 2
CRITICAL ALERT | 2026-08-11 16:30:00 | Payment service unavailable | Occurrences: 1
WARNING ALERT | 2026-08-10 09:17:45 | Database response time exceeded threshold | Occurrences: 1
CRITICAL ALERT | 2026-08-10 09:18:02 | Database connection failed | Occurrences: 3
CRITICAL ALERT | 2026-08-10 09:18:05 | Database connection failed | Occurrences: 3
CRITICAL ALERT | 2026-08-10 09:18:09 | Database connection failed | Occurrences: 3
WARNING ALERT | 2026-08-10 09:21:30 | High memory usage detected | Occurrences: 1
CRITICAL ALERT | 2026-08-10 09:22:01 | Payment service timeout | Occurrences: 2
CRITICAL ALERT | 2026-08-10 09:22:05 | Payment service timeout | Occurrences: 2
CRITICAL ALERT | 2026-08-11 16:30:00 | Payment service unavailable | Occurrences: 1
CRITICAL ALERT | 2026-08-11 16:45:00 | Authentication failed for user | Occurrences: 1
WARNING ALERT | 2026-08-10 09:17:45 | Database response time exceeded threshold | Occurrences: 1
CRITICAL ALERT | 2026-08-10 09:18:02 | Database connection failed | Occurrences: 3
CRITICAL ALERT | 2026-08-10 09:18:05 | Database connection failed | Occurrences: 3
CRITICAL ALERT | 2026-08-10 09:18:09 | Database connection failed | Occurrences: 3
WARNING ALERT | 2026-08-10 09:21:30 | High memory usage detected | Occurrences: 1
CRITICAL ALERT | 2026-08-10 09:22:01 | Payment service timeout | Occurrences: 2
CRITICAL ALERT | 2026-08-10 09:22:05 | Payment service timeout | Occurrences: 2
CRITICAL ALERT | 2026-08-11 16:30:00 | Payment service unavailable | Occurrences: 1
CRITICAL ALERT | 2026-08-11 16:45:00 | Authentication failed for user | Occurrences: 1
WARNING ALERT | 2026-08-10 09:17:45 | Database response time exceeded threshold | Occurrences: 1
CRITICAL ALERT | 2026-08-10 09:18:02 | Database connection failed | Occurrences: 3
CRITICAL ALERT | 2026-08-10 09:18:05 | Database connection failed | Occurrences: 3
CRITICAL ALERT | 2026-08-10 09:18:09 | Database connection failed | Occurrences: 3
WARNING ALERT | 2026-08-10 09:21:30 | High memory usage detected | Occurrences: 1
CRITICAL ALERT | 2026-08-10 09:22:01 | Payment service timeout | Occurrences: 2
CRITICAL ALERT | 2026-08-10 09:22:05 | Payment service timeout | Occurrences: 2
CRITICAL ALERT | 2026-08-11 16:30:00 | Payment service unavailable | Occurrences: 1
CRITICAL ALERT | 2026-08-11 16:45:00 | Authentication failed for user | Occurrences: 1
WARNING ALERT | 2026-08-10 09:17:45 | Database response time exceeded threshold | Occurrences: 1
CRITICAL ALERT | 2026-08-10 09:18:02 | Database connection failed | Occurrences: 3
CRITICAL ALERT | 2026-08-10 09:18:05 | Database connection failed | Occurrences: 3
CRITICAL ALERT | 2026-08-10 09:18:09 | Database connection failed | Occurrences: 3
WARNING ALERT | 2026-08-10 09:21:30 | High memory usage detected | Occurrences: 1
CRITICAL ALERT | 2026-08-10 09:22:01 | Payment service timeout | Occurrences: 2
CRITICAL ALERT | 2026-08-10 09:22:05 | Payment service timeout | Occurrences: 2
CRITICAL ALERT | 2026-08-11 16:30:00 | Payment service unavailable | Occurrences: 1
CRITICAL ALERT | 2026-08-11 16:45:00 | Authentication failed for user | Occurrences: 1
WARNING ALERT | 2026-08-10 09:17:45 | Database response time exceeded threshold | Occurrences: 1
CRITICAL ALERT | 2026-08-10 09:18:02 | Database connection failed | Occurrences: 3
CRITICAL ALERT | 2026-08-10 09:18:05 | Database connection failed | Occurrences: 3
CRITICAL ALERT | 2026-08-10 09:18:09 | Database connection failed | Occurrences: 3
WARNING ALERT | 2026-08-10 09:21:30 | High memory usage detected | Occurrences: 1
CRITICAL ALERT | 2026-08-10 09:22:01 | Payment service timeout | Occurrences: 2
CRITICAL ALERT | 2026-08-10 09:22:05 | Payment service timeout | Occurrences: 2
CRITICAL ALERT | 2026-08-11 16:30:00 | Payment service unavailable | Occurrences: 1
CRITICAL ALERT | 2026-08-11 16:45:00 | Authentication failed for user | Occurrences: 1
WARNING ALERT | 2026-08-10 09:17:45 | Database response time exceeded threshold | Occurrences: 1
CRITICAL ALERT | 2026-08-10 09:18:02 | Database connection failed | Occurrences: 3
CRITICAL ALERT | 2026-08-10 09:18:05 | Database connection failed | Occurrences: 3
CRITICAL ALERT | 2026-08-10 09:18:09 | Database connection failed | Occurrences: 3
WARNING ALERT | 2026-08-10 09:21:30 | High memory usage detected | Occurrences: 1
CRITICAL ALERT | 2026-08-10 09:22:01 | Payment service timeout | Occurrences: 2
CRITICAL ALERT | 2026-08-10 09:22:05 | Payment service timeout | Occurrences: 2
CRITICAL ALERT | 2026-08-11 16:30:00 | Payment service unavailable | Occurrences: 1
CRITICAL ALERT | 2026-08-11 16:45:00 | Authentication failed for user | Occurrences: 1
